Getting logs for all jobs in run 20528054421...

=== Job: Lint Markdown (ID: 58974851590) ===
ï»¿2025-12-26T19:21:17.6213936Z Current runner version: '2.330.0'
2025-12-26T19:21:17.6238253Z ##[group]Runner Image Provisioner
2025-12-26T19:21:17.6239081Z Hosted Compute Agent
2025-12-26T19:21:17.6239679Z Version: 20251211.462
2025-12-26T19:21:17.6240315Z Commit: 6cbad8c2bb55d58165063d031ccabf57e2d2db61
2025-12-26T19:21:17.6241008Z Build Date: 2025-12-11T16:28:49Z
2025-12-26T19:21:17.6241677Z Worker ID: {2fd63205-7771-47e4-b1df-2fe39c8789a8}
2025-12-26T19:21:17.6242402Z ##[endgroup]
2025-12-26T19:21:17.6242898Z ##[group]Operating System
2025-12-26T19:21:17.6243502Z Ubuntu
2025-12-26T19:21:17.6243954Z 24.04.3
2025-12-26T19:21:17.6244404Z LTS
2025-12-26T19:21:17.6244812Z ##[endgroup]
2025-12-26T19:21:17.6245408Z ##[group]Runner Image
2025-12-26T19:21:17.6245941Z Image: ubuntu-24.04
2025-12-26T19:21:17.6246390Z Version: 20251215.174.1
2025-12-26T19:21:17.6247448Z Included Software: https://github.com/actions/runner-images/blob/ubuntu24/20251215.174/images/ubuntu/Ubuntu2404-Readme.md
2025-12-26T19:21:17.6249144Z Image Release: https://github.com/actions/runner-images/releases/tag/ubuntu24%2F20251215.174
2025-12-26T19:21:17.6250214Z ##[endgroup]
2025-12-26T19:21:17.6251175Z ##[group]GITHUB_TOKEN Permissions
2025-12-26T19:21:17.6253147Z Contents: read
2025-12-26T19:21:17.6253705Z Metadata: read
2025-12-26T19:21:17.6254183Z ##[endgroup]
2025-12-26T19:21:17.6256317Z Secret source: Actions
2025-12-26T19:21:17.6256992Z Prepare workflow directory
2025-12-26T19:21:17.6579671Z Prepare all required actions
2025-12-26T19:21:17.6616277Z Getting action download info
2025-12-26T19:21:18.1674843Z Download action repository 'actions/checkout@v5' (SHA:93cb6efe18208431cddfb8368fd83d5badbf9bfd)
2025-12-26T19:21:18.3244416Z Download action repository 'actions/setup-node@v6' (SHA:395ad3262231945c25e8478fd5baf05154b1d79f)
2025-12-26T19:21:18.4733034Z Download action repository 'xt0rted/markdownlint-problem-matcher@1a5fabfb577370cfdf5af944d418e4be3ea06f27' (SHA:1a5fabfb577370cfdf5af944d418e4be3ea06f27)
2025-12-26T19:21:19.0349819Z Complete job name: Lint Markdown
2025-12-26T19:21:19.1054433Z ##[group]Run actions/checkout@v5
2025-12-26T19:21:19.1055284Z with:
2025-12-26T19:21:19.1055734Z   persist-credentials: false
2025-12-26T19:21:19.1056229Z   repository: fastify/fastify
2025-12-26T19:21:19.1056836Z   token: ***
2025-12-26T19:21:19.1057221Z   ssh-strict: true
2025-12-26T19:21:19.1057608Z   ssh-user: git
2025-12-26T19:21:19.1058164Z   clean: true
2025-12-26T19:21:19.1058566Z   sparse-checkout-cone-mode: true
2025-12-26T19:21:19.1059062Z   fetch-depth: 1
2025-12-26T19:21:19.1059447Z   fetch-tags: false
2025-12-26T19:21:19.1059852Z   show-progress: true
2025-12-26T19:21:19.1060250Z   lfs: false
2025-12-26T19:21:19.1060610Z   submodules: false
2025-12-26T19:21:19.1061011Z   set-safe-directory: true
2025-12-26T19:21:19.1061688Z ##[endgroup]
2025-12-26T19:21:19.1977474Z Syncing repository: fastify/fastify
2025-12-26T19:21:19.1979874Z ##[group]Getting Git version info
2025-12-26T19:21:19.1980561Z Working directory is '/home/runner/work/fastify/fastify'
2025-12-26T19:21:19.1981559Z [command]/usr/bin/git version
2025-12-26T19:21:19.2053181Z git version 2.52.0
2025-12-26T19:21:19.2105409Z ##[endgroup]
2025-12-26T19:21:19.2120768Z Temporarily overriding HOME='/home/runner/work/_temp/748743f0-5e14-4264-a83b-a19ba25d0144' before making global git config changes
2025-12-26T19:21:19.2122941Z Adding repository directory to the temporary git global config as a safe directory
2025-12-26T19:21:19.2125937Z [command]/usr/bin/git config --global --add safe.directory /home/runner/work/fastify/fastify
2025-12-26T19:21:19.2168825Z Deleting the contents of '/home/runner/work/fastify/fastify'
2025-12-26T19:21:19.2172464Z ##[group]Initializing the repository
2025-12-26T19:21:19.2176926Z [command]/usr/bin/git init /home/runner/work/fastify/fastify
2025-12-26T19:21:19.2301115Z hint: Using 'master' as the name for the initial branch. This default branch name
2025-12-26T19:21:19.2302559Z hint: will change to "main" in Git 3.0. To configure the initial branch name
2025-12-26T19:21:19.2303543Z hint: to use in all of your new repositories, which will suppress this warning,
2025-12-26T19:21:19.2304942Z hint: call:
2025-12-26T19:21:19.2305719Z hint:
2025-12-26T19:21:19.2306241Z hint: 	git config --global init.defaultBranch <name>
2025-12-26T19:21:19.2307198Z hint:
2025-12-26T19:21:19.2308435Z hint: Names commonly chosen instead of 'master' are 'main', 'trunk' and
2025-12-26T19:21:19.2310128Z hint: 'development'. The just-created branch can be renamed via this command:
2025-12-26T19:21:19.2311419Z hint:
2025-12-26T19:21:19.2312138Z hint: 	git branch -m <name>
2025-12-26T19:21:19.2312961Z hint:
2025-12-26T19:21:19.2314026Z hint: Disable this message with "git config set advice.defaultBranchName false"
2025-12-26T19:21:19.2315785Z Initialized empty Git repository in /home/runner/work/fastify/fastify/.git/
2025-12-26T19:21:19.2318716Z [command]/usr/bin/git remote add origin https://github.com/fastify/fastify
2025-12-26T19:21:19.2353290Z ##[endgroup]
2025-12-26T19:21:19.2354508Z ##[group]Disabling automatic garbage collection
2025-12-26T19:21:19.2357585Z [command]/usr/bin/git config --local gc.auto 0
2025-12-26T19:21:19.2386073Z ##[endgroup]
2025-12-26T19:21:19.2387277Z ##[group]Setting up auth
2025-12-26T19:21:19.2393399Z [command]/usr/bin/git config --local --name-only --get-regexp core\.sshCommand
2025-12-26T19:21:19.2424597Z [command]/usr/bin/git submodule foreach --recursive sh -c "git config --local --name-only --get-regexp 'core\.sshCommand' && git config --local --unset-all 'core.sshCommand' || :"
2025-12-26T19:21:19.2791616Z [command]/usr/bin/git config --local --name-only --get-regexp http\.https\:\/\/github\.com\/\.extraheader
2025-12-26T19:21:19.2822818Z [command]/usr/bin/git submodule foreach --recursive sh -c "git config --local --name-only --get-regexp 'http\.https\:\/\/github\.com\/\.extraheader' && git config --local --unset-all 'http.https://github.com/.extraheader' || :"
2025-12-26T19:21:19.3045038Z [command]/usr/bin/git config --local --name-only --get-regexp ^includeIf\.gitdir:
2025-12-26T19:21:19.3077548Z [command]/usr/bin/git submodule foreach --recursive git config --local --show-origin --name-only --get-regexp remote.origin.url
2025-12-26T19:21:19.3305499Z [command]/usr/bin/git config --local http.https://github.com/.extraheader AUTHORIZATION: basic ***
2025-12-26T19:21:19.3340938Z ##[endgroup]
2025-12-26T19:21:19.3342296Z ##[group]Fetching the repository
2025-12-26T19:21:19.3351252Z [command]/usr/bin/git -c protocol.version=2 fetch --no-tags --prune --no-recurse-submodules --depth=1 origin +87fb0d7805bcb8096826d27294d9893a37988eea:refs/remotes/pull/6425/merge
2025-12-26T19:21:19.9096291Z From https://github.com/fastify/fastify
2025-12-26T19:21:19.9100068Z  * [new ref]         87fb0d7805bcb8096826d27294d9893a37988eea -> pull/6425/merge
2025-12-26T19:21:19.9131695Z ##[endgroup]
2025-12-26T19:21:19.9133165Z ##[group]Determining the checkout info
2025-12-26T19:21:19.9134769Z ##[endgroup]
2025-12-26T19:21:19.9140508Z [command]/usr/bin/git sparse-checkout disable
2025-12-26T19:21:19.9184964Z [command]/usr/bin/git config --local --unset-all extensions.worktreeConfig
2025-12-26T19:21:19.9213340Z ##[group]Checking out the ref
2025-12-26T19:21:19.9219286Z [command]/usr/bin/git checkout --progress --force refs/remotes/pull/6425/merge
2025-12-26T19:21:19.9490263Z Note: switching to 'refs/remotes/pull/6425/merge'.
2025-12-26T19:21:19.9490885Z 
2025-12-26T19:21:19.9491304Z You are in 'detached HEAD' state. You can look around, make experimental
2025-12-26T19:21:19.9491960Z changes and commit them, and you can discard any commits you make in this
2025-12-26T19:21:19.9492560Z state without impacting any branches by switching back to a branch.
2025-12-26T19:21:19.9492917Z 
2025-12-26T19:21:19.9493190Z If you want to create a new branch to retain commits you create, you may
2025-12-26T19:21:19.9493772Z do so (now or later) by using -c with the switch command. Example:
2025-12-26T19:21:19.9494084Z 
2025-12-26T19:21:19.9494236Z   git switch -c <new-branch-name>
2025-12-26T19:21:19.9494470Z 
2025-12-26T19:21:19.9494660Z Or undo this operation with:
2025-12-26T19:21:19.9495115Z 
2025-12-26T19:21:19.9495251Z   git switch -
2025-12-26T19:21:19.9495496Z 
2025-12-26T19:21:19.9495769Z Turn off this advice by setting config variable advice.detachedHead to false
2025-12-26T19:21:19.9496133Z 
2025-12-26T19:21:19.9496532Z HEAD is now at 87fb0d7 Merge d066762fcd0c388f99bc278fad3c98dfad94a761 into 5317c9068a43a02b671cd6df7392dd45a9aabaac
2025-12-26T19:21:19.9498723Z ##[endgroup]
2025-12-26T19:21:19.9544965Z [command]/usr/bin/git log -1 --format=%H
2025-12-26T19:21:19.9568825Z 87fb0d7805bcb8096826d27294d9893a37988eea
2025-12-26T19:21:19.9579028Z ##[group]Removing auth
2025-12-26T19:21:19.9583131Z [command]/usr/bin/git config --local --name-only --get-regexp core\.sshCommand
2025-12-26T19:21:19.9613253Z [command]/usr/bin/git submodule foreach --recursive sh -c "git config --local --name-only --get-regexp 'core\.sshCommand' && git config --local --unset-all 'core.sshCommand' || :"
2025-12-26T19:21:19.9835899Z [command]/usr/bin/git config --local --name-only --get-regexp http\.https\:\/\/github\.com\/\.extraheader
2025-12-26T19:21:19.9857280Z http.https://github.com/.extraheader
2025-12-26T19:21:19.9864333Z [command]/usr/bin/git config --local --unset-all http.https://github.com/.extraheader
2025-12-26T19:21:19.9892363Z [command]/usr/bin/git submodule foreach --recursive sh -c "git config --local --name-only --get-regexp 'http\.https\:\/\/github\.com\/\.extraheader' && git config --local --unset-all 'http.https://github.com/.extraheader' || :"
2025-12-26T19:21:20.0114305Z [command]/usr/bin/git config --local --name-only --get-regexp ^includeIf\.gitdir:
2025-12-26T19:21:20.0141069Z [command]/usr/bin/git submodule foreach --recursive git config --local --show-origin --name-only --get-regexp remote.origin.url
2025-12-26T19:21:20.0373478Z ##[endgroup]
2025-12-26T19:21:20.0614458Z ##[group]Run actions/setup-node@v6
2025-12-26T19:21:20.0614949Z with:
2025-12-26T19:21:20.0615277Z   node-version: lts/*
2025-12-26T19:21:20.0615632Z   check-latest: true
2025-12-26T19:21:20.0616151Z   token: ***
2025-12-26T19:21:20.0616510Z   package-manager-cache: true
2025-12-26T19:21:20.0616906Z ##[endgroup]
2025-12-26T19:21:20.1990728Z Attempt to resolve LTS alias from manifest...
2025-12-26T19:21:20.2165744Z (node:2261) [DEP0040] DeprecationWarning: The `punycode` module is deprecated. Please use a userland alternative instead.
2025-12-26T19:21:20.2167485Z (Use `node --trace-deprecation ...` to show where the warning was created)
2025-12-26T19:21:21.0487443Z Attempt to resolve the latest version from manifest...
2025-12-26T19:21:21.0519900Z Resolved as '24.12.0'
2025-12-26T19:21:21.0717444Z Found in cache @ /opt/hostedtoolcache/node/24.12.0/x64
2025-12-26T19:21:21.0723609Z ##[group]Environment details
2025-12-26T19:21:23.5920270Z node: v24.12.0
2025-12-26T19:21:23.5921026Z npm: 11.6.2
2025-12-26T19:21:23.5921400Z yarn: 1.22.22
2025-12-26T19:21:23.5922333Z ##[endgroup]
2025-12-26T19:21:23.6170009Z ##[group]Run npm install --ignore-scripts
2025-12-26T19:21:23.6170479Z [36;1mnpm install --ignore-scripts[0m
2025-12-26T19:21:23.6235310Z shell: /usr/bin/bash -e {0}
2025-12-26T19:21:23.6235599Z ##[endgroup]
2025-12-26T19:21:45.2811315Z 
2025-12-26T19:21:45.2819084Z added 706 packages, and audited 707 packages in 22s
2025-12-26T19:21:45.2819623Z 
2025-12-26T19:21:45.2819962Z 265 packages are looking for funding
2025-12-26T19:21:45.2820469Z   run `npm fund` for details
2025-12-26T19:21:45.2872409Z 
2025-12-26T19:21:45.2873172Z 9 vulnerabilities (3 low, 2 moderate, 2 high, 2 critical)
2025-12-26T19:21:45.2873658Z 
2025-12-26T19:21:45.2874067Z To address issues that do not require attention, run:
2025-12-26T19:21:45.2874646Z   npm audit fix
2025-12-26T19:21:45.2874860Z 
2025-12-26T19:21:45.2875321Z To address all issues possible (including breaking changes), run:
2025-12-26T19:21:45.2875971Z   npm audit fix --force
2025-12-26T19:21:45.2876188Z 
2025-12-26T19:21:45.2876465Z Some issues need review, and may require choosing
2025-12-26T19:21:45.2876837Z a different dependency.
2025-12-26T19:21:45.2877360Z 
2025-12-26T19:21:45.2877540Z Run `npm audit` for details.
2025-12-26T19:21:45.3968313Z ##[group]Run xt0rted/markdownlint-problem-matcher@1a5fabfb577370cfdf5af944d418e4be3ea06f27
2025-12-26T19:21:45.3969154Z with:
2025-12-26T19:21:45.3969448Z   action: add
2025-12-26T19:21:45.3969758Z ##[endgroup]
2025-12-26T19:21:45.4647079Z ##[group]Run ./node_modules/.bin/markdownlint-cli2
2025-12-26T19:21:45.4647523Z [36;1m./node_modules/.bin/markdownlint-cli2[0m
2025-12-26T19:21:45.4685869Z shell: /usr/bin/bash -e {0}
2025-12-26T19:21:45.4686194Z ##[endgroup]
2025-12-26T19:21:45.6862191Z markdownlint-cli2 v0.18.1 (markdownlint v0.38.0)
2025-12-26T19:21:46.7509225Z ##[error]docs/Reference/Server.md:416:81 MD013/line-length Line length [Expected: 80; Actual: 90]
2025-12-26T19:21:46.7736615Z ##[error]Process completed with exit code 1.
2025-12-26T19:21:46.7861447Z Post job cleanup.
2025-12-26T19:21:46.8667362Z [command]/usr/bin/git version
2025-12-26T19:21:46.8707105Z git version 2.52.0
2025-12-26T19:21:46.8745857Z Temporarily overriding HOME='/home/runner/work/_temp/2113e2ad-918d-458a-a14e-cf7715540741' before making global git config changes
2025-12-26T19:21:46.8747434Z Adding repository directory to the temporary git global config as a safe directory
2025-12-26T19:21:46.8752106Z [command]/usr/bin/git config --global --add safe.directory /home/runner/work/fastify/fastify
2025-12-26T19:21:46.8789464Z [command]/usr/bin/git config --local --name-only --get-regexp core\.sshCommand
2025-12-26T19:21:46.8824958Z [command]/usr/bin/git submodule foreach --recursive sh -c "git config --local --name-only --get-regexp 'core\.sshCommand' && git config --local --unset-all 'core.sshCommand' || :"
2025-12-26T19:21:46.9059762Z [command]/usr/bin/git config --local --name-only --get-regexp http\.https\:\/\/github\.com\/\.extraheader
2025-12-26T19:21:46.9093213Z [command]/usr/bin/git submodule foreach --recursive sh -c "git config --local --name-only --get-regexp 'http\.https\:\/\/github\.com\/\.extraheader' && git config --local --unset-all 'http.https://github.com/.extraheader' || :"
2025-12-26T19:21:46.9323396Z [command]/usr/bin/git config --local --name-only --get-regexp ^includeIf\.gitdir:
2025-12-26T19:21:46.9384560Z [command]/usr/bin/git submodule foreach --recursive git config --local --show-origin --name-only --get-regexp remote.origin.url
2025-12-26T19:21:46.9749206Z Cleaning up orphan processes
