Getting logs for all jobs in run 20528050272...

=== Job: Lint Markdown (ID: 58974839935) ===
ï»¿2025-12-26T19:20:53.2765599Z Current runner version: '2.330.0'
2025-12-26T19:20:53.2790979Z ##[group]Runner Image Provisioner
2025-12-26T19:20:53.2792242Z Hosted Compute Agent
2025-12-26T19:20:53.2792794Z Version: 20251211.462
2025-12-26T19:20:53.2793384Z Commit: 6cbad8c2bb55d58165063d031ccabf57e2d2db61
2025-12-26T19:20:53.2794015Z Build Date: 2025-12-11T16:28:49Z
2025-12-26T19:20:53.2794742Z Worker ID: {0cc10064-fcf1-4151-a0fd-77f3fd3e92d7}
2025-12-26T19:20:53.2795370Z ##[endgroup]
2025-12-26T19:20:53.2795900Z ##[group]Operating System
2025-12-26T19:20:53.2796479Z Ubuntu
2025-12-26T19:20:53.2796997Z 24.04.3
2025-12-26T19:20:53.2797409Z LTS
2025-12-26T19:20:53.2797896Z ##[endgroup]
2025-12-26T19:20:53.2798397Z ##[group]Runner Image
2025-12-26T19:20:53.2798885Z Image: ubuntu-24.04
2025-12-26T19:20:53.2799423Z Version: 20251215.174.1
2025-12-26T19:20:53.2800377Z Included Software: https://github.com/actions/runner-images/blob/ubuntu24/20251215.174/images/ubuntu/Ubuntu2404-Readme.md
2025-12-26T19:20:53.2802165Z Image Release: https://github.com/actions/runner-images/releases/tag/ubuntu24%2F20251215.174
2025-12-26T19:20:53.2803278Z ##[endgroup]
2025-12-26T19:20:53.2804277Z ##[group]GITHUB_TOKEN Permissions
2025-12-26T19:20:53.2806333Z Contents: read
2025-12-26T19:20:53.2806932Z Metadata: read
2025-12-26T19:20:53.2807568Z ##[endgroup]
2025-12-26T19:20:53.2809840Z Secret source: Actions
2025-12-26T19:20:53.2810535Z Prepare workflow directory
2025-12-26T19:20:53.3210256Z Prepare all required actions
2025-12-26T19:20:53.3265702Z Getting action download info
2025-12-26T19:20:53.7193523Z Download action repository 'actions/checkout@v5' (SHA:93cb6efe18208431cddfb8368fd83d5badbf9bfd)
2025-12-26T19:20:53.8612619Z Download action repository 'actions/setup-node@v6' (SHA:395ad3262231945c25e8478fd5baf05154b1d79f)
2025-12-26T19:20:53.9884634Z Download action repository 'xt0rted/markdownlint-problem-matcher@1a5fabfb577370cfdf5af944d418e4be3ea06f27' (SHA:1a5fabfb577370cfdf5af944d418e4be3ea06f27)
2025-12-26T19:20:54.6541914Z Complete job name: Lint Markdown
2025-12-26T19:20:54.7347517Z ##[group]Run actions/checkout@v5
2025-12-26T19:20:54.7348854Z with:
2025-12-26T19:20:54.7349648Z   persist-credentials: false
2025-12-26T19:20:54.7350632Z   repository: fastify/fastify
2025-12-26T19:20:54.7351998Z   token: ***
2025-12-26T19:20:54.7352777Z   ssh-strict: true
2025-12-26T19:20:54.7353566Z   ssh-user: git
2025-12-26T19:20:54.7354319Z   clean: true
2025-12-26T19:20:54.7355150Z   sparse-checkout-cone-mode: true
2025-12-26T19:20:54.7356125Z   fetch-depth: 1
2025-12-26T19:20:54.7356921Z   fetch-tags: false
2025-12-26T19:20:54.7357743Z   show-progress: true
2025-12-26T19:20:54.7358544Z   lfs: false
2025-12-26T19:20:54.7359286Z   submodules: false
2025-12-26T19:20:54.7360092Z   set-safe-directory: true
2025-12-26T19:20:54.7361219Z ##[endgroup]
2025-12-26T19:20:54.8282634Z Syncing repository: fastify/fastify
2025-12-26T19:20:54.8285325Z ##[group]Getting Git version info
2025-12-26T19:20:54.8286789Z Working directory is '/home/runner/work/fastify/fastify'
2025-12-26T19:20:54.8288823Z [command]/usr/bin/git version
2025-12-26T19:20:54.8345544Z git version 2.52.0
2025-12-26T19:20:54.8400369Z ##[endgroup]
2025-12-26T19:20:54.8414449Z Temporarily overriding HOME='/home/runner/work/_temp/4e79c574-d278-46c6-9e6b-2132f1aa95c7' before making global git config changes
2025-12-26T19:20:54.8419161Z Adding repository directory to the temporary git global config as a safe directory
2025-12-26T19:20:54.8422168Z [command]/usr/bin/git config --global --add safe.directory /home/runner/work/fastify/fastify
2025-12-26T19:20:54.8461849Z Deleting the contents of '/home/runner/work/fastify/fastify'
2025-12-26T19:20:54.8465530Z ##[group]Initializing the repository
2025-12-26T19:20:54.8469955Z [command]/usr/bin/git init /home/runner/work/fastify/fastify
2025-12-26T19:20:54.8609608Z hint: Using 'master' as the name for the initial branch. This default branch name
2025-12-26T19:20:54.8611835Z hint: will change to "main" in Git 3.0. To configure the initial branch name
2025-12-26T19:20:54.8615050Z hint: to use in all of your new repositories, which will suppress this warning,
2025-12-26T19:20:54.8617598Z hint: call:
2025-12-26T19:20:54.8618294Z hint:
2025-12-26T19:20:54.8619228Z hint: 	git config --global init.defaultBranch <name>
2025-12-26T19:20:54.8620377Z hint:
2025-12-26T19:20:54.8622269Z hint: Names commonly chosen instead of 'master' are 'main', 'trunk' and
2025-12-26T19:20:54.8624486Z hint: 'development'. The just-created branch can be renamed via this command:
2025-12-26T19:20:54.8626247Z hint:
2025-12-26T19:20:54.8627221Z hint: 	git branch -m <name>
2025-12-26T19:20:54.8628097Z hint:
2025-12-26T19:20:54.8629252Z hint: Disable this message with "git config set advice.defaultBranchName false"
2025-12-26T19:20:54.8631198Z Initialized empty Git repository in /home/runner/work/fastify/fastify/.git/
2025-12-26T19:20:54.8634391Z [command]/usr/bin/git remote add origin https://github.com/fastify/fastify
2025-12-26T19:20:54.8666441Z ##[endgroup]
2025-12-26T19:20:54.8668097Z ##[group]Disabling automatic garbage collection
2025-12-26T19:20:54.8669985Z [command]/usr/bin/git config --local gc.auto 0
2025-12-26T19:20:54.8697743Z ##[endgroup]
2025-12-26T19:20:54.8699268Z ##[group]Setting up auth
2025-12-26T19:20:54.8703622Z [command]/usr/bin/git config --local --name-only --get-regexp core\.sshCommand
2025-12-26T19:20:54.8733035Z [command]/usr/bin/git submodule foreach --recursive sh -c "git config --local --name-only --get-regexp 'core\.sshCommand' && git config --local --unset-all 'core.sshCommand' || :"
2025-12-26T19:20:54.9077559Z [command]/usr/bin/git config --local --name-only --get-regexp http\.https\:\/\/github\.com\/\.extraheader
2025-12-26T19:20:54.9109948Z [command]/usr/bin/git submodule foreach --recursive sh -c "git config --local --name-only --get-regexp 'http\.https\:\/\/github\.com\/\.extraheader' && git config --local --unset-all 'http.https://github.com/.extraheader' || :"
2025-12-26T19:20:54.9324700Z [command]/usr/bin/git config --local --name-only --get-regexp ^includeIf\.gitdir:
2025-12-26T19:20:54.9357780Z [command]/usr/bin/git submodule foreach --recursive git config --local --show-origin --name-only --get-regexp remote.origin.url
2025-12-26T19:20:54.9574639Z [command]/usr/bin/git config --local http.https://github.com/.extraheader AUTHORIZATION: basic ***
2025-12-26T19:20:54.9624863Z ##[endgroup]
2025-12-26T19:20:54.9627185Z ##[group]Fetching the repository
2025-12-26T19:20:54.9637558Z [command]/usr/bin/git -c protocol.version=2 fetch --no-tags --prune --no-recurse-submodules --depth=1 origin +d066762fcd0c388f99bc278fad3c98dfad94a761:refs/remotes/origin/docs/requestIdHeader-security-warning
2025-12-26T19:20:55.3527415Z From https://github.com/fastify/fastify
2025-12-26T19:20:55.3529469Z  * [new ref]         d066762fcd0c388f99bc278fad3c98dfad94a761 -> origin/docs/requestIdHeader-security-warning
2025-12-26T19:20:55.3561779Z ##[endgroup]
2025-12-26T19:20:55.3564061Z ##[group]Determining the checkout info
2025-12-26T19:20:55.3566671Z ##[endgroup]
2025-12-26T19:20:55.3570076Z [command]/usr/bin/git sparse-checkout disable
2025-12-26T19:20:55.3612314Z [command]/usr/bin/git config --local --unset-all extensions.worktreeConfig
2025-12-26T19:20:55.3641040Z ##[group]Checking out the ref
2025-12-26T19:20:55.3646333Z [command]/usr/bin/git checkout --progress --force -B docs/requestIdHeader-security-warning refs/remotes/origin/docs/requestIdHeader-security-warning
2025-12-26T19:20:55.3906547Z Switched to a new branch 'docs/requestIdHeader-security-warning'
2025-12-26T19:20:55.3909950Z branch 'docs/requestIdHeader-security-warning' set up to track 'origin/docs/requestIdHeader-security-warning'.
2025-12-26T19:20:55.3917623Z ##[endgroup]
2025-12-26T19:20:55.3954559Z [command]/usr/bin/git log -1 --format=%H
2025-12-26T19:20:55.3983323Z d066762fcd0c388f99bc278fad3c98dfad94a761
2025-12-26T19:20:55.3994007Z ##[group]Removing auth
2025-12-26T19:20:55.3998251Z [command]/usr/bin/git config --local --name-only --get-regexp core\.sshCommand
2025-12-26T19:20:55.4027665Z [command]/usr/bin/git submodule foreach --recursive sh -c "git config --local --name-only --get-regexp 'core\.sshCommand' && git config --local --unset-all 'core.sshCommand' || :"
2025-12-26T19:20:55.4247803Z [command]/usr/bin/git config --local --name-only --get-regexp http\.https\:\/\/github\.com\/\.extraheader
2025-12-26T19:20:55.4267580Z http.https://github.com/.extraheader
2025-12-26T19:20:55.4277028Z [command]/usr/bin/git config --local --unset-all http.https://github.com/.extraheader
2025-12-26T19:20:55.4313865Z [command]/usr/bin/git submodule foreach --recursive sh -c "git config --local --name-only --get-regexp 'http\.https\:\/\/github\.com\/\.extraheader' && git config --local --unset-all 'http.https://github.com/.extraheader' || :"
2025-12-26T19:20:55.4529067Z [command]/usr/bin/git config --local --name-only --get-regexp ^includeIf\.gitdir:
2025-12-26T19:20:55.4559917Z [command]/usr/bin/git submodule foreach --recursive git config --local --show-origin --name-only --get-regexp remote.origin.url
2025-12-26T19:20:55.4785324Z ##[endgroup]
2025-12-26T19:20:55.5055970Z ##[group]Run actions/setup-node@v6
2025-12-26T19:20:55.5056922Z with:
2025-12-26T19:20:55.5057579Z   node-version: lts/*
2025-12-26T19:20:55.5058344Z   check-latest: true
2025-12-26T19:20:55.5059328Z   token: ***
2025-12-26T19:20:55.5060048Z   package-manager-cache: true
2025-12-26T19:20:55.5060929Z ##[endgroup]
2025-12-26T19:20:55.6375092Z Attempt to resolve LTS alias from manifest...
2025-12-26T19:20:55.6538211Z (node:2194) [DEP0040] DeprecationWarning: The `punycode` module is deprecated. Please use a userland alternative instead.
2025-12-26T19:20:55.6542690Z (Use `node --trace-deprecation ...` to show where the warning was created)
2025-12-26T19:20:56.1124203Z Attempt to resolve the latest version from manifest...
2025-12-26T19:20:56.1170051Z Resolved as '24.12.0'
2025-12-26T19:20:56.1266206Z Found in cache @ /opt/hostedtoolcache/node/24.12.0/x64
2025-12-26T19:20:56.1272481Z ##[group]Environment details
2025-12-26T19:20:58.2403341Z node: v24.12.0
2025-12-26T19:20:58.2403831Z npm: 11.6.2
2025-12-26T19:20:58.2404064Z yarn: 1.22.22
2025-12-26T19:20:58.2405291Z ##[endgroup]
2025-12-26T19:20:58.2576087Z ##[group]Run npm install --ignore-scripts
2025-12-26T19:20:58.2576479Z [36;1mnpm install --ignore-scripts[0m
2025-12-26T19:20:58.2622945Z shell: /usr/bin/bash -e {0}
2025-12-26T19:20:58.2623224Z ##[endgroup]
2025-12-26T19:21:26.6926222Z 
2025-12-26T19:21:26.6935613Z added 706 packages, and audited 707 packages in 28s
2025-12-26T19:21:26.6936142Z 
2025-12-26T19:21:26.6936521Z 265 packages are looking for funding
2025-12-26T19:21:26.6937029Z   run `npm fund` for details
2025-12-26T19:21:26.6986841Z 
2025-12-26T19:21:26.6987609Z 9 vulnerabilities (3 low, 2 moderate, 2 high, 2 critical)
2025-12-26T19:21:26.6988163Z 
2025-12-26T19:21:26.6988466Z To address issues that do not require attention, run:
2025-12-26T19:21:26.6988871Z   npm audit fix
2025-12-26T19:21:26.6989023Z 
2025-12-26T19:21:26.6989347Z To address all issues possible (including breaking changes), run:
2025-12-26T19:21:26.6989803Z   npm audit fix --force
2025-12-26T19:21:26.6990002Z 
2025-12-26T19:21:26.6990280Z Some issues need review, and may require choosing
2025-12-26T19:21:26.6990658Z a different dependency.
2025-12-26T19:21:26.6990826Z 
2025-12-26T19:21:26.6990963Z Run `npm audit` for details.
2025-12-26T19:21:26.7752516Z ##[group]Run xt0rted/markdownlint-problem-matcher@1a5fabfb577370cfdf5af944d418e4be3ea06f27
2025-12-26T19:21:26.7753027Z with:
2025-12-26T19:21:26.7753203Z   action: add
2025-12-26T19:21:26.7753439Z ##[endgroup]
2025-12-26T19:21:26.8296515Z ##[group]Run ./node_modules/.bin/markdownlint-cli2
2025-12-26T19:21:26.8296925Z [36;1m./node_modules/.bin/markdownlint-cli2[0m
2025-12-26T19:21:26.8329652Z shell: /usr/bin/bash -e {0}
2025-12-26T19:21:26.8329903Z ##[endgroup]
2025-12-26T19:21:27.0256857Z markdownlint-cli2 v0.18.1 (markdownlint v0.38.0)
2025-12-26T19:21:27.9311810Z ##[error]docs/Reference/Server.md:416:81 MD013/line-length Line length [Expected: 80; Actual: 90]
2025-12-26T19:21:27.9598199Z ##[error]Process completed with exit code 1.
2025-12-26T19:21:27.9694224Z Post job cleanup.
2025-12-26T19:21:28.0465608Z [command]/usr/bin/git version
2025-12-26T19:21:28.0533155Z git version 2.52.0
2025-12-26T19:21:28.0572698Z Temporarily overriding HOME='/home/runner/work/_temp/ae0647d6-7964-4931-ad0f-d2c5bb96dfd6' before making global git config changes
2025-12-26T19:21:28.0574346Z Adding repository directory to the temporary git global config as a safe directory
2025-12-26T19:21:28.0578643Z [command]/usr/bin/git config --global --add safe.directory /home/runner/work/fastify/fastify
2025-12-26T19:21:28.0615061Z [command]/usr/bin/git config --local --name-only --get-regexp core\.sshCommand
2025-12-26T19:21:28.0647446Z [command]/usr/bin/git submodule foreach --recursive sh -c "git config --local --name-only --get-regexp 'core\.sshCommand' && git config --local --unset-all 'core.sshCommand' || :"
2025-12-26T19:21:28.0865174Z [command]/usr/bin/git config --local --name-only --get-regexp http\.https\:\/\/github\.com\/\.extraheader
2025-12-26T19:21:28.0896427Z [command]/usr/bin/git submodule foreach --recursive sh -c "git config --local --name-only --get-regexp 'http\.https\:\/\/github\.com\/\.extraheader' && git config --local --unset-all 'http.https://github.com/.extraheader' || :"
2025-12-26T19:21:28.1113022Z [command]/usr/bin/git config --local --name-only --get-regexp ^includeIf\.gitdir:
2025-12-26T19:21:28.1142781Z [command]/usr/bin/git submodule foreach --recursive git config --local --show-origin --name-only --get-regexp remote.origin.url
2025-12-26T19:21:28.1465433Z Cleaning up orphan processes
